Power Analyzer report for riscv_aes_advancements
Thu Jul 16 01:21:50 2026
Quartus Prime Version 23.1std.1 Build 993 05/14/2024 SC Lite Edition


---------------------
; Table of Contents ;
---------------------
  1. Legal Notice
  2. Parallel Compilation
  3. Power Analyzer Summary
  4. Power Analyzer Settings
  5. Indeterminate Toggle Rates
  6. Operating Conditions Used
  7. Thermal Power Dissipation by Block
  8. Thermal Power Dissipation by Block Type
  9. Thermal Power Dissipation by Hierarchy
 10. Core Dynamic Thermal Power Dissipation by Clock Domain
 11. Current Drawn from Voltage Supplies Summary
 12. VCCIO Supply Current Drawn by I/O Bank
 13. VCCIO Supply Current Drawn by Voltage
 14. VCCPD Supply Current Drawn by I/O Bank
 15. VCCPD Supply Current Drawn by Voltage
 16. Confidence Metric Details
 17. Signal Activities
 18. Power Analyzer Messages



----------------
; Legal Notice ;
----------------
Copyright (C) 2024  Intel Corporation. All rights reserved.
Your use of Intel Corporation's design tools, logic functions 
and other software and tools, and any partner logic 
functions, and any output files from any of the foregoing 
(including device programming or simulation files), and any 
associated documentation or information are expressly subject 
to the terms and conditions of the Intel Program License 
Subscription Agreement, the Intel Quartus Prime License Agreement,
the Intel FPGA IP License Agreement, or other applicable license
agreement, including, without limitation, that your use is for
the sole purpose of programming logic devices manufactured by
Intel and sold by Intel or its authorized distributors.  Please
refer to the applicable agreement for further details, at
https://fpgasoftware.intel.com/eula.



+------------------------------------------+
; Parallel Compilation                     ;
+----------------------------+-------------+
; Processors                 ; Number      ;
+----------------------------+-------------+
; Number detected on machine ; 4           ;
; Maximum allowed            ; 2           ;
;                            ;             ;
; Average used               ; 1.48        ;
; Maximum used               ; 2           ;
;                            ;             ;
; Usage by Processor         ; % Time Used ;
;     Processor 1            ; 100.0%      ;
;     Processor 2            ;  48.0%      ;
+----------------------------+-------------+


+-------------------------------------------------------------------------------------------+
; Power Analyzer Summary                                                                    ;
+----------------------------------------+--------------------------------------------------+
; Power Analyzer Status                  ; Successful - Thu Jul 16 01:21:49 2026            ;
; Quartus Prime Version                  ; 23.1std.1 Build 993 05/14/2024 SC Lite Edition   ;
; Revision Name                          ; riscv_aes_advancements                           ;
; Top-level Entity Name                  ; riscv_aes_advancements                           ;
; Family                                 ; Cyclone V                                        ;
; Device                                 ; 5CGXFC7C7F23C8                                   ;
; Power Models                           ; Final                                            ;
; Total Thermal Power Dissipation        ; 582.88 mW                                        ;
; Core Dynamic Thermal Power Dissipation ; 211.24 mW                                        ;
; Core Static Thermal Power Dissipation  ; 350.90 mW                                        ;
; I/O Thermal Power Dissipation          ; 20.74 mW                                         ;
; Power Estimation Confidence            ; Low: user provided insufficient toggle rate data ;
+----------------------------------------+--------------------------------------------------+


+--------------------------------------------------------------------------------------------------------------------------+
; Power Analyzer Settings                                                                                                  ;
+------------------------------------------------------------------+---------------------------------------+---------------+
; Option                                                           ; Setting                               ; Default Value ;
+------------------------------------------------------------------+---------------------------------------+---------------+
; Maximum processors allowed for parallel compilation              ; 2                                     ;               ;
; Use smart compilation                                            ; Off                                   ; Off           ;
; Enable parallel Assembler and Timing Analyzer during compilation ; On                                    ; On            ;
; Enable compact report table                                      ; Off                                   ; Off           ;
; Preset Cooling Solution                                          ; 23 MM HEAT SINK WITH 200 LFPM AIRFLOW ;               ;
; Board thermal model                                              ; None (CONSERVATIVE)                   ;               ;
; Default Power Toggle Rate                                        ; 12.5%                                 ; 12.5%         ;
; Default Power Input I/O Toggle Rate                              ; 12.5%                                 ; 12.5%         ;
; Use vectorless estimation                                        ; On                                    ; On            ;
; Use Input Files                                                  ; Off                                   ; Off           ;
; Filter Glitches in VCD File Reader                               ; On                                    ; On            ;
; Power Analyzer Report Signal Activity                            ; Off                                   ; Off           ;
; Power Analyzer Report Power Dissipation                          ; Off                                   ; Off           ;
; Device Power Characteristics                                     ; TYPICAL                               ; TYPICAL       ;
; Automatically Compute Junction Temperature                       ; On                                    ; On            ;
; Specified Junction Temperature                                   ; 25                                    ; 25            ;
; Ambient Temperature                                              ; 25                                    ; 25            ;
; Use Custom Cooling Solution                                      ; Off                                   ; Off           ;
; Board Temperature                                                ; 25                                    ; 25            ;
; Enable HPS                                                       ; Off                                   ; Off           ;
; Processor Frequency                                              ; 0.0                                   ; 0.0           ;
+------------------------------------------------------------------+---------------------------------------+---------------+


+--------------------------------------------------+
; Indeterminate Toggle Rates                       ;
+--------------------+-----------------------------+
; Node               ; Reason                      ;
+--------------------+-----------------------------+
; rst_n~inputCLKENA0 ; No valid clock domain found ;
+--------------------+-----------------------------+


+-------------------------------------------------------------------------+
; Operating Conditions Used                                               ;
+---------------------------------------------+---------------------------+
; Setting                                     ; Value                     ;
+---------------------------------------------+---------------------------+
; Device power characteristics                ; Typical                   ;
;                                             ;                           ;
; Voltages                                    ;                           ;
;     VCC                                     ; 1.10 V                    ;
;     VCCA_FPLL                               ; 2.50 V                    ;
;     VCCPGM                                  ; 1.80 V                    ;
;     VCCBAT                                  ; 1.20 V                    ;
;     VCCE_GXBL                               ; 0.00 V                    ;
;     VCCL_GXBL                               ; 0.00 V                    ;
;     VCCH_GXBL                               ; 0.00 V                    ;
;     VCCAUX                                  ; 2.50 V                    ;
;     2.5 V I/O Standard                      ; 2.5 V                     ;
;                                             ;                           ;
; Auto computed junction temperature          ; 28.5 degrees Celsius      ;
;     Ambient temperature                     ; 25.0 degrees Celsius      ;
;     Junction-to-Case thermal resistance     ; 2.40 degrees Celsius/Watt ;
;     Case-to-Heat Sink thermal resistance    ; 0.10 degrees Celsius/Watt ;
;     Heat Sink-to-Ambient thermal resistance ; 3.50 degrees Celsius/Watt ;
;                                             ;                           ;
; Board model used                            ; None                      ;
+---------------------------------------------+---------------------------+


+----------------------------------------------------------------------------------------------------------------------------------------------+
; Thermal Power Dissipation by Block                                                                                                           ;
+------------+------------+---------------------+-----------------------------+--------------------------------+-------------------------------+
; Block Name ; Block Type ; Total Thermal Power ; Block Thermal Dynamic Power ; Block Thermal Static Power (1) ; Routing Thermal Dynamic Power ;
+------------+------------+---------------------+-----------------------------+--------------------------------+-------------------------------+
(1) The "Thermal Power Dissipation by Block" Table has been hidden. To show this table, please select the "Write power dissipation by block to report file" option under "PowerPlay Power Analyzer Settings".


+-------------------------------------------------------------------------------------------------------------------------------------------------------------------------------------------------------------------+
; Thermal Power Dissipation by Block Type                                                                                                                                                                           ;
+--------------------+-----------------------------------+-----------------------------+--------------------------------+-------------------------------+-----------------------------------------------------------+
; Block Type         ; Total Thermal Power by Block Type ; Block Thermal Dynamic Power ; Block Thermal Static Power (1) ; Routing Thermal Dynamic Power ; Block Average Toggle Rate (millions of transitions / sec) ;
+--------------------+-----------------------------------+-----------------------------+--------------------------------+-------------------------------+-----------------------------------------------------------+
; Combinational cell ; 85.19 mW                          ; 27.80 mW                    ; --                             ; 57.38 mW                      ;    7.842                                                  ;
; Clock enable block ; 32.90 mW                          ; 0.00 mW                     ; --                             ; 32.90 mW                      ;   50.000                                                  ;
; Register cell      ; 93.15 mW                          ; 44.67 mW                    ; --                             ; 48.48 mW                      ;    6.250                                                  ;
; I/O                ; 16.38 mW                          ; 15.42 mW                    ; 0.96 mW                        ; 0.00 mW                       ;    5.738                                                  ;
+--------------------+-----------------------------------+-----------------------------+--------------------------------+-------------------------------+-----------------------------------------------------------+
(1) The "Block Thermal Static Power" for all block types except Pins and the Voltage Regulator, if one exists, is part of the "Core Static Thermal Power Dissipation" value found on the PowerPlay Power Analyzer-->Summary report panel. The "Core Static Thermal Power Dissipation" also contains the thermal static power dissipated by the routing.


+--------------------------------------------------------------------------------------------------------------------------------------------------------------------------------------------------------------------------------------------------------------------------------------------------------------------------------------------------------------------------------------------+
; Thermal Power Dissipation by Hierarchy                                                                                                                                                                                                                                                                                                                                                     ;
+----------------------------------------------------+--------------------------------------+---------------------------------+-----------------------------------+-----------------------------------+--------------------------------------------------------------------------------------------------------------------------------------------------------------------------------------+
; Compilation Hierarchy Node                         ; Total Thermal Power by Hierarchy (1) ; Block Thermal Dynamic Power (1) ; Block Thermal Static Power (1)(2) ; Routing Thermal Dynamic Power (1) ; Full Hierarchy Name                                                                                                                                                                  ;
+----------------------------------------------------+--------------------------------------+---------------------------------+-----------------------------------+-----------------------------------+--------------------------------------------------------------------------------------------------------------------------------------------------------------------------------------+
; |riscv_aes_advancements                            ; 227.62 mW (56.86 mW)                 ; 87.89 mW (16.65 mW)             ; 0.96 mW (0.96 mW)                 ; 138.76 mW (39.25 mW)              ; |riscv_aes_advancements                                                                                                                                                              ;
;     |hard_block:auto_generated_inst                ; 0.00 mW (0.00 mW)                    ; 0.00 mW (0.00 mW)               ; --                                ; 0.00 mW (0.00 mW)                 ; |riscv_aes_advancements|hard_block:auto_generated_inst                                                                                                                               ;
;     |ex_stage:u_ex_stage                           ; 3.31 mW (1.51 mW)                    ; 1.00 mW (0.25 mW)               ; --                                ; 2.31 mW (1.27 mW)                 ; |riscv_aes_advancements|ex_stage:u_ex_stage                                                                                                                                          ;
;         |alu:u_alu                                 ; 1.80 mW (1.80 mW)                    ; 0.75 mW (0.75 mW)               ; --                                ; 1.04 mW (1.04 mW)                 ; |riscv_aes_advancements|ex_stage:u_ex_stage|alu:u_alu                                                                                                                                ;
;     |forwarding_unit:u_forwarding_unit             ; 0.05 mW (0.05 mW)                    ; 0.01 mW (0.01 mW)               ; --                                ; 0.04 mW (0.04 mW)                 ; |riscv_aes_advancements|forwarding_unit:u_forwarding_unit                                                                                                                            ;
;     |hazard_unit:u_hazard_unit                     ; 0.01 mW (0.01 mW)                    ; 0.00 mW (0.00 mW)               ; --                                ; 0.00 mW (0.00 mW)                 ; |riscv_aes_advancements|hazard_unit:u_hazard_unit                                                                                                                                    ;
;     |id_stage:u_id_stage                           ; 1.63 mW (0.00 mW)                    ; 1.27 mW (0.00 mW)               ; --                                ; 0.37 mW (0.00 mW)                 ; |riscv_aes_advancements|id_stage:u_id_stage                                                                                                                                          ;
;         |control_unit:u_control_unit               ; 0.00 mW (0.00 mW)                    ; 0.00 mW (0.00 mW)               ; --                                ; 0.00 mW (0.00 mW)                 ; |riscv_aes_advancements|id_stage:u_id_stage|control_unit:u_control_unit                                                                                                              ;
;         |reg_file:u_reg_file                       ; 1.63 mW (1.63 mW)                    ; 1.26 mW (1.26 mW)               ; --                                ; 0.37 mW (0.37 mW)                 ; |riscv_aes_advancements|id_stage:u_id_stage|reg_file:u_reg_file                                                                                                                      ;
;     |if_stage:u_if_stage                           ; 0.01 mW (0.00 mW)                    ; 0.00 mW (0.00 mW)               ; --                                ; 0.00 mW (0.00 mW)                 ; |riscv_aes_advancements|if_stage:u_if_stage                                                                                                                                          ;
;         |instr_mem:u_instr_mem                     ; 0.01 mW (0.01 mW)                    ; 0.00 mW (0.00 mW)               ; --                                ; 0.00 mW (0.00 mW)                 ; |riscv_aes_advancements|if_stage:u_if_stage|instr_mem:u_instr_mem                                                                                                                    ;
;     |mem_stage:u_mem_stage                         ; 165.05 mW (23.91 mW)                 ; 68.86 mW (6.66 mW)              ; --                                ; 96.19 mW (17.25 mW)               ; |riscv_aes_advancements|mem_stage:u_mem_stage                                                                                                                                        ;
;         |aes_mmio:u_aes_mmio                       ; 9.00 mW (4.42 mW)                    ; 4.34 mW (1.66 mW)               ; --                                ; 4.67 mW (2.76 mW)                 ; |riscv_aes_advancements|mem_stage:u_mem_stage|aes_mmio:u_aes_mmio                                                                                                                    ;
;             |aes128_lowpower:u_aes128_lowpower     ; 4.58 mW (0.00 mW)                    ; 2.67 mW (0.00 mW)               ; --                                ; 1.91 mW (0.00 mW)                 ; |riscv_aes_advancements|mem_stage:u_mem_stage|aes_mmio:u_aes_mmio|aes128_lowpower:u_aes128_lowpower                                                                                  ;
;                 |AES128_updated_new:u_reusable_aes ; 4.58 mW (2.51 mW)                    ; 2.67 mW (1.26 mW)               ; --                                ; 1.91 mW (1.25 mW)                 ; |riscv_aes_advancements|mem_stage:u_mem_stage|aes_mmio:u_aes_mmio|aes128_lowpower:u_aes128_lowpower|AES128_updated_new:u_reusable_aes                                                ;
;                     |AES_KEYEXP_SEQ:u_key          ; 1.04 mW (0.72 mW)                    ; 0.74 mW (0.45 mW)               ; --                                ; 0.29 mW (0.28 mW)                 ; |riscv_aes_advancements|mem_stage:u_mem_stage|aes_mmio:u_aes_mmio|aes128_lowpower:u_aes128_lowpower|AES128_updated_new:u_reusable_aes|AES_KEYEXP_SEQ:u_key                           ;
;                         |AES_SBOX_ROM:s0           ; 0.09 mW (0.09 mW)                    ; 0.08 mW (0.08 mW)               ; --                                ; 0.00 mW (0.00 mW)                 ; |riscv_aes_advancements|mem_stage:u_mem_stage|aes_mmio:u_aes_mmio|aes128_lowpower:u_aes128_lowpower|AES128_updated_new:u_reusable_aes|AES_KEYEXP_SEQ:u_key|AES_SBOX_ROM:s0           ;
;                         |AES_SBOX_ROM:s1           ; 0.08 mW (0.08 mW)                    ; 0.07 mW (0.07 mW)               ; --                                ; 0.00 mW (0.00 mW)                 ; |riscv_aes_advancements|mem_stage:u_mem_stage|aes_mmio:u_aes_mmio|aes128_lowpower:u_aes128_lowpower|AES128_updated_new:u_reusable_aes|AES_KEYEXP_SEQ:u_key|AES_SBOX_ROM:s1           ;
;                         |AES_SBOX_ROM:s2           ; 0.08 mW (0.08 mW)                    ; 0.07 mW (0.07 mW)               ; --                                ; 0.00 mW (0.00 mW)                 ; |riscv_aes_advancements|mem_stage:u_mem_stage|aes_mmio:u_aes_mmio|aes128_lowpower:u_aes128_lowpower|AES128_updated_new:u_reusable_aes|AES_KEYEXP_SEQ:u_key|AES_SBOX_ROM:s2           ;
;                         |AES_SBOX_ROM:s3           ; 0.08 mW (0.08 mW)                    ; 0.07 mW (0.07 mW)               ; --                                ; 0.00 mW (0.00 mW)                 ; |riscv_aes_advancements|mem_stage:u_mem_stage|aes_mmio:u_aes_mmio|aes128_lowpower:u_aes128_lowpower|AES128_updated_new:u_reusable_aes|AES_KEYEXP_SEQ:u_key|AES_SBOX_ROM:s3           ;
;                     |AES_MIXCOL_SEQ:u_mix          ; 0.56 mW (0.56 mW)                    ; 0.32 mW (0.32 mW)               ; --                                ; 0.24 mW (0.24 mW)                 ; |riscv_aes_advancements|mem_stage:u_mem_stage|aes_mmio:u_aes_mmio|aes128_lowpower:u_aes128_lowpower|AES128_updated_new:u_reusable_aes|AES_MIXCOL_SEQ:u_mix                           ;
;                     |AES_SBOX_SEQ:u_sbox           ; 0.48 mW (0.43 mW)                    ; 0.35 mW (0.33 mW)               ; --                                ; 0.12 mW (0.11 mW)                 ; |riscv_aes_advancements|mem_stage:u_mem_stage|aes_mmio:u_aes_mmio|aes128_lowpower:u_aes128_lowpower|AES128_updated_new:u_reusable_aes|AES_SBOX_SEQ:u_sbox                            ;
;                         |AES_SBOX_ROM:rom          ; 0.05 mW (0.05 mW)                    ; 0.03 mW (0.03 mW)               ; --                                ; 0.02 mW (0.02 mW)                 ; |riscv_aes_advancements|mem_stage:u_mem_stage|aes_mmio:u_aes_mmio|aes128_lowpower:u_aes128_lowpower|AES128_updated_new:u_reusable_aes|AES_SBOX_SEQ:u_sbox|AES_SBOX_ROM:rom           ;
;         |can_ids_mmio:u_can_ids_mmio               ; 7.83 mW (7.83 mW)                    ; 2.76 mW (2.76 mW)               ; --                                ; 5.07 mW (5.07 mW)                 ; |riscv_aes_advancements|mem_stage:u_mem_stage|can_ids_mmio:u_can_ids_mmio                                                                                                            ;
;         |canfd_secoc_mmio:u_canfd_secoc_mmio       ; 43.60 mW (38.48 mW)                  ; 20.02 mW (17.35 mW)             ; --                                ; 23.58 mW (21.14 mW)               ; |riscv_aes_advancements|mem_stage:u_mem_stage|canfd_secoc_mmio:u_canfd_secoc_mmio                                                                                                    ;
;             |aes128_lowpower:u_secoc_aes           ; 5.11 mW (0.00 mW)                    ; 2.67 mW (0.00 mW)               ; --                                ; 2.44 mW (0.00 mW)                 ; |riscv_aes_advancements|mem_stage:u_mem_stage|canfd_secoc_mmio:u_canfd_secoc_mmio|aes128_lowpower:u_secoc_aes                                                                        ;
;                 |AES128_updated_new:u_reusable_aes ; 5.11 mW (2.96 mW)                    ; 2.67 mW (1.18 mW)               ; --                                ; 2.44 mW (1.77 mW)                 ; |riscv_aes_advancements|mem_stage:u_mem_stage|canfd_secoc_mmio:u_canfd_secoc_mmio|aes128_lowpower:u_secoc_aes|AES128_updated_new:u_reusable_aes                                      ;
;                     |AES_KEYEXP_SEQ:u_key          ; 1.07 mW (0.75 mW)                    ; 0.75 mW (0.45 mW)               ; --                                ; 0.32 mW (0.30 mW)                 ; |riscv_aes_advancements|mem_stage:u_mem_stage|canfd_secoc_mmio:u_canfd_secoc_mmio|aes128_lowpower:u_secoc_aes|AES128_updated_new:u_reusable_aes|AES_KEYEXP_SEQ:u_key                 ;
;                         |AES_SBOX_ROM:s0           ; 0.09 mW (0.09 mW)                    ; 0.08 mW (0.08 mW)               ; --                                ; 0.00 mW (0.00 mW)                 ; |riscv_aes_advancements|mem_stage:u_mem_stage|canfd_secoc_mmio:u_canfd_secoc_mmio|aes128_lowpower:u_secoc_aes|AES128_updated_new:u_reusable_aes|AES_KEYEXP_SEQ:u_key|AES_SBOX_ROM:s0 ;
;                         |AES_SBOX_ROM:s1           ; 0.08 mW (0.08 mW)                    ; 0.07 mW (0.07 mW)               ; --                                ; 0.00 mW (0.00 mW)                 ; |riscv_aes_advancements|mem_stage:u_mem_stage|canfd_secoc_mmio:u_canfd_secoc_mmio|aes128_lowpower:u_secoc_aes|AES128_updated_new:u_reusable_aes|AES_KEYEXP_SEQ:u_key|AES_SBOX_ROM:s1 ;
;                         |AES_SBOX_ROM:s2           ; 0.08 mW (0.08 mW)                    ; 0.07 mW (0.07 mW)               ; --                                ; 0.00 mW (0.00 mW)                 ; |riscv_aes_advancements|mem_stage:u_mem_stage|canfd_secoc_mmio:u_canfd_secoc_mmio|aes128_lowpower:u_secoc_aes|AES128_updated_new:u_reusable_aes|AES_KEYEXP_SEQ:u_key|AES_SBOX_ROM:s2 ;
;                         |AES_SBOX_ROM:s3           ; 0.08 mW (0.08 mW)                    ; 0.07 mW (0.07 mW)               ; --                                ; 0.00 mW (0.00 mW)                 ; |riscv_aes_advancements|mem_stage:u_mem_stage|canfd_secoc_mmio:u_canfd_secoc_mmio|aes128_lowpower:u_secoc_aes|AES128_updated_new:u_reusable_aes|AES_KEYEXP_SEQ:u_key|AES_SBOX_ROM:s3 ;
;                     |AES_MIXCOL_SEQ:u_mix          ; 0.65 mW (0.65 mW)                    ; 0.40 mW (0.40 mW)               ; --                                ; 0.25 mW (0.25 mW)                 ; |riscv_aes_advancements|mem_stage:u_mem_stage|canfd_secoc_mmio:u_canfd_secoc_mmio|aes128_lowpower:u_secoc_aes|AES128_updated_new:u_reusable_aes|AES_MIXCOL_SEQ:u_mix                 ;
;                     |AES_SBOX_SEQ:u_sbox           ; 0.44 mW (0.39 mW)                    ; 0.33 mW (0.30 mW)               ; --                                ; 0.10 mW (0.09 mW)                 ; |riscv_aes_advancements|mem_stage:u_mem_stage|canfd_secoc_mmio:u_canfd_secoc_mmio|aes128_lowpower:u_secoc_aes|AES128_updated_new:u_reusable_aes|AES_SBOX_SEQ:u_sbox                  ;
;                         |AES_SBOX_ROM:rom          ; 0.05 mW (0.05 mW)                    ; 0.04 mW (0.04 mW)               ; --                                ; 0.01 mW (0.01 mW)                 ; |riscv_aes_advancements|mem_stage:u_mem_stage|canfd_secoc_mmio:u_canfd_secoc_mmio|aes128_lowpower:u_secoc_aes|AES128_updated_new:u_reusable_aes|AES_SBOX_SEQ:u_sbox|AES_SBOX_ROM:rom ;
;         |data_mem:u_data_mem                       ; 75.74 mW (75.74 mW)                  ; 33.89 mW (33.89 mW)             ; --                                ; 41.85 mW (41.85 mW)               ; |riscv_aes_advancements|mem_stage:u_mem_stage|data_mem:u_data_mem                                                                                                                    ;
;         |dma_lite:u_dma_lite                       ; 2.96 mW (2.96 mW)                    ; 0.26 mW (0.26 mW)               ; --                                ; 2.70 mW (2.70 mW)                 ; |riscv_aes_advancements|mem_stage:u_mem_stage|dma_lite:u_dma_lite                                                                                                                    ;
;         |load_store_unit:u_load_store_unit         ; 0.05 mW (0.05 mW)                    ; 0.02 mW (0.02 mW)               ; --                                ; 0.03 mW (0.03 mW)                 ; |riscv_aes_advancements|mem_stage:u_mem_stage|load_store_unit:u_load_store_unit                                                                                                      ;
;         |power_mgmt_mmio:u_power_mgmt_mmio         ; 0.99 mW (0.99 mW)                    ; 0.41 mW (0.41 mW)               ; --                                ; 0.58 mW (0.58 mW)                 ; |riscv_aes_advancements|mem_stage:u_mem_stage|power_mgmt_mmio:u_power_mgmt_mmio                                                                                                      ;
;         |sensor_spi_mmio:u_sensor_spi_mmio         ; 0.68 mW (0.29 mW)                    ; 0.36 mW (0.14 mW)               ; --                                ; 0.32 mW (0.15 mW)                 ; |riscv_aes_advancements|mem_stage:u_mem_stage|sensor_spi_mmio:u_sensor_spi_mmio                                                                                                      ;
;             |sensor_spi_ip:u_sensor_spi_ip         ; 0.39 mW (0.39 mW)                    ; 0.22 mW (0.22 mW)               ; --                                ; 0.17 mW (0.17 mW)                 ; |riscv_aes_advancements|mem_stage:u_mem_stage|sensor_spi_mmio:u_sensor_spi_mmio|sensor_spi_ip:u_sensor_spi_ip                                                                        ;
;         |simple_intc:u_simple_intc                 ; 0.04 mW (0.04 mW)                    ; 0.02 mW (0.02 mW)               ; --                                ; 0.01 mW (0.01 mW)                 ; |riscv_aes_advancements|mem_stage:u_mem_stage|simple_intc:u_simple_intc                                                                                                              ;
;         |uart_mmio:u_uart_mmio                     ; 0.25 mW (0.16 mW)                    ; 0.13 mW (0.08 mW)               ; --                                ; 0.12 mW (0.08 mW)                 ; |riscv_aes_advancements|mem_stage:u_mem_stage|uart_mmio:u_uart_mmio                                                                                                                  ;
;             |uart_tx:u_uart_tx                     ; 0.09 mW (0.09 mW)                    ; 0.05 mW (0.05 mW)               ; --                                ; 0.04 mW (0.04 mW)                 ; |riscv_aes_advancements|mem_stage:u_mem_stage|uart_mmio:u_uart_mmio|uart_tx:u_uart_tx                                                                                                ;
;     |pc_reg:u_pc_reg                               ; 0.28 mW (0.28 mW)                    ; 0.07 mW (0.07 mW)               ; --                                ; 0.21 mW (0.21 mW)                 ; |riscv_aes_advancements|pc_reg:u_pc_reg                                                                                                                                              ;
;     |wb_stage:u_wb_stage                           ; 0.42 mW (0.42 mW)                    ; 0.02 mW (0.02 mW)               ; --                                ; 0.40 mW (0.40 mW)                 ; |riscv_aes_advancements|wb_stage:u_wb_stage                                                                                                                                          ;
+----------------------------------------------------+--------------------------------------+---------------------------------+-----------------------------------+-----------------------------------+--------------------------------------------------------------------------------------------------------------------------------------------------------------------------------------+
(1) Value in parentheses is the power consumed at that level of hierarchy. Value not in parentheses is the power consumed at that level of hierarchy plus the power consumed by all levels of hierarchy below it.

(2) The "Block Thermal Static Power" for all levels of hierarchy except the top-level hierarchy is part of the "Core Static Thermal Power Dissipation" value found on the PowerPlay Power Analyzer-->Summary report panel. The "Core Static Thermal Power Dissipation" also contains the thermal static power dissipated by the routing.


+--------------------------------------------------------------------+
; Core Dynamic Thermal Power Dissipation by Clock Domain             ;
+-----------------+-----------------------+--------------------------+
; Clock Domain    ; Clock Frequency (MHz) ; Total Core Dynamic Power ;
+-----------------+-----------------------+--------------------------+
; clk             ; 50.00                 ; 211.24                   ;
; No clock domain ; 0.00                  ; 0.00                     ;
+-----------------+-----------------------+--------------------------+


+------------------------------------------------------------------------------------------------------------------------------------+
; Current Drawn from Voltage Supplies Summary                                                                                        ;
+----------------+-------------------------+---------------------------+--------------------------+----------------------------------+
; Voltage Supply ; Total Current Drawn (1) ; Dynamic Current Drawn (1) ; Static Current Drawn (1) ; Minimum Power Supply Current (2) ;
+----------------+-------------------------+---------------------------+--------------------------+----------------------------------+
; VCC            ; 241.29 mA               ; 192.94 mA                 ; 48.35 mA                 ; 241.29 mA                        ;
; VCCIO          ; 4.28 mA                 ; 3.55 mA                   ; 0.73 mA                  ; 4.28 mA                          ;
; VCCPD          ; 3.47 mA                 ; 2.19 mA                   ; 1.28 mA                  ; 3.47 mA                          ;
; VCCA_FPLL      ; 1.15 mA                 ; 0.00 mA                   ; 1.15 mA                  ; 1.15 mA                          ;
; VCCPGM         ; 0.64 mA                 ; 0.00 mA                   ; 0.64 mA                  ; 0.64 mA                          ;
; VCCBAT         ; 0.00 mA                 ; 0.00 mA                   ; 0.00 mA                  ; 0.00 mA                          ;
; VCCE_GXBL      ; 0.00 mA                 ; 0.00 mA                   ; 0.00 mA                  ; 0.00 mA                          ;
; VCCL_GXBL      ; 0.00 mA                 ; 0.00 mA                   ; 0.00 mA                  ; 0.00 mA                          ;
; VCCH_GXBL      ; 0.00 mA                 ; 0.00 mA                   ; 0.00 mA                  ; 0.00 mA                          ;
; VCCAUX         ; 117.61 mA               ; 0.00 mA                   ; 117.61 mA                ; 117.61 mA                        ;
+----------------+-------------------------+---------------------------+--------------------------+----------------------------------+
(1) Currents reported in columns "Total Current Drawn", "Dynamic Current Drawn", and "Static Current Drawn" are sufficient for user operation of the device.  
(2) Currents reported in column "Minimum Power Supply Current" do not include transient power-up currents. For transient power-up currents, see the device family datasheet, errata sheet, and/or ES guidelines document, as appropriate. 


+-----------------------------------------------------------------------------------------------+
; VCCIO Supply Current Drawn by I/O Bank                                                        ;
+----------+---------------+---------------------+-----------------------+----------------------+
; I/O Bank ; VCCIO Voltage ; Total Current Drawn ; Dynamic Current Drawn ; Static Current Drawn ;
+----------+---------------+---------------------+-----------------------+----------------------+
; B2L      ; --            ; --                  ; --                    ; --                   ;
; B1L      ; --            ; --                  ; --                    ; --                   ;
; B0L      ; --            ; --                  ; --                    ; --                   ;
; 3A       ; 2.5V          ; 0.17 mA             ; 0.09 mA               ; 0.08 mA              ;
; 3B       ; 2.5V          ; 1.48 mA             ; 1.35 mA               ; 0.13 mA              ;
; 4A       ; 2.5V          ; 1.59 mA             ; 1.43 mA               ; 0.16 mA              ;
; 5A       ; 2.5V          ; 0.57 mA             ; 0.47 mA               ; 0.11 mA              ;
; 5B       ; 2.5V          ; 0.29 mA             ; 0.19 mA               ; 0.09 mA              ;
; 6A       ; --            ; --                  ; --                    ; --                   ;
; 7A       ; 2.5V          ; 0.11 mA             ; 0.03 mA               ; 0.08 mA              ;
; 8A       ; 2.5V          ; 0.08 mA             ; 0.00 mA               ; 0.08 mA              ;
; 9A       ; --            ; --                  ; --                    ; --                   ;
+----------+---------------+---------------------+-----------------------+----------------------+


+-----------------------------------------------------------------------------------------------------------------------------------+
; VCCIO Supply Current Drawn by Voltage                                                                                             ;
+---------------+-------------------------+---------------------------+--------------------------+----------------------------------+
; VCCIO Voltage ; Total Current Drawn (1) ; Dynamic Current Drawn (1) ; Static Current Drawn (1) ; Minimum Power Supply Current (2) ;
+---------------+-------------------------+---------------------------+--------------------------+----------------------------------+
; 2.5V          ; 4.28 mA                 ; 3.55 mA                   ; 0.73 mA                  ; 4.28 mA                          ;
+---------------+-------------------------+---------------------------+--------------------------+----------------------------------+
(1) Currents reported in columns "Total Current Drawn", "Dynamic Current Drawn", and "Static Current Drawn" are sufficient for user operation of the device.  
(2) Currents reported in column "Minimum Power Supply Current" do not include transient power-up currents. For transient power-up currents, see the device family datasheet, errata sheet, and/or ES guidelines document, as appropriate. 


+-----------------------------------------------------------------------------------------------+
; VCCPD Supply Current Drawn by I/O Bank                                                        ;
+----------+---------------+---------------------+-----------------------+----------------------+
; I/O Bank ; VCCPD Voltage ; Total Current Drawn ; Dynamic Current Drawn ; Static Current Drawn ;
+----------+---------------+---------------------+-----------------------+----------------------+
; B2L      ; --            ; --                  ; --                    ; --                   ;
; B1L      ; --            ; --                  ; --                    ; --                   ;
; B0L      ; --            ; --                  ; --                    ; --                   ;
; 3A       ; 2.5V          ; 0.23 mA             ; 0.05 mA               ; 0.17 mA              ;
; 3B       ; 2.5V          ; 1.03 mA             ; 0.84 mA               ; 0.20 mA              ;
; 4A       ; 2.5V          ; 1.10 mA             ; 0.88 mA               ; 0.21 mA              ;
; 5A       ; 2.5V          ; 0.47 mA             ; 0.29 mA               ; 0.18 mA              ;
; 5B       ; 2.5V          ; 0.29 mA             ; 0.11 mA               ; 0.18 mA              ;
; 6A       ; --            ; --                  ; --                    ; --                   ;
; 7A       ; 2.5V          ; 0.19 mA             ; 0.02 mA               ; 0.17 mA              ;
; 8A       ; 2.5V          ; 0.17 mA             ; 0.00 mA               ; 0.17 mA              ;
; 9A       ; --            ; --                  ; --                    ; --                   ;
+----------+---------------+---------------------+-----------------------+----------------------+


+-----------------------------------------------------------------------------------------------------------------------------------+
; VCCPD Supply Current Drawn by Voltage                                                                                             ;
+---------------+-------------------------+---------------------------+--------------------------+----------------------------------+
; VCCPD Voltage ; Total Current Drawn (1) ; Dynamic Current Drawn (1) ; Static Current Drawn (1) ; Minimum Power Supply Current (2) ;
+---------------+-------------------------+---------------------------+--------------------------+----------------------------------+
; 2.5V          ; 3.47 mA                 ; 2.19 mA                   ; 1.28 mA                  ; 3.47 mA                          ;
+---------------+-------------------------+---------------------------+--------------------------+----------------------------------+
(1) Currents reported in columns "Total Current Drawn", "Dynamic Current Drawn", and "Static Current Drawn" are sufficient for user operation of the device.  
(2) Currents reported in column "Minimum Power Supply Current" do not include transient power-up currents. For transient power-up currents, see the device family datasheet, errata sheet, and/or ES guidelines document, as appropriate. 


+---------------------------------------------------------------------------------------------------------------------------------------------------------+
; Confidence Metric Details                                                                                                                               ;
+----------------------------------------------------------------------------------------+----------------+-------------+----------------+----------------+
; Data Source                                                                            ; Total          ; Pin         ; Registered     ; Combinational  ;
+----------------------------------------------------------------------------------------+----------------+-------------+----------------+----------------+
; Simulation (from file)                                                                 ;                ;             ;                ;                ;
;     -- Number of signals with Toggle Rate from Simulation                              ; 0 (0.0%)       ; 0 (0.0%)    ; 0 (0.0%)       ; 0 (0.0%)       ;
;     -- Number of signals with Static Probability from Simulation                       ; 0 (0.0%)       ; 0 (0.0%)    ; 0 (0.0%)       ; 0 (0.0%)       ;
;                                                                                        ;                ;             ;                ;                ;
; Node, entity or clock assignment                                                       ;                ;             ;                ;                ;
;     -- Number of signals with Toggle Rate from Node, entity or clock assignment        ; 2 (0.0%)       ; 1 (0.9%)    ; 0 (0.0%)       ; 1 (0.0%)       ;
;     -- Number of signals with Static Probability from Node, entity or clock assignment ; 3 (0.0%)       ; 1 (0.9%)    ; 0 (0.0%)       ; 2 (0.0%)       ;
;                                                                                        ;                ;             ;                ;                ;
; Vectorless estimation                                                                  ;                ;             ;                ;                ;
;     -- Number of signals with Toggle Rate from Vectorless estimation                   ; 55235 (100.0%) ; 105 (98.1%) ; 22113 (100.0%) ; 33017 (100.0%) ;
;     -- Number of signals with Zero toggle rate, from Vectorless estimation             ; 25 (0.0%)      ; 0 (0.0%)    ; 3 (0.0%)       ; 22 (0.1%)      ;
;     -- Number of signals with Static Probability from Vectorless estimation            ; 55234 (100.0%) ; 105 (98.1%) ; 22113 (100.0%) ; 33016 (100.0%) ;
;                                                                                        ;                ;             ;                ;                ;
; Default assignment                                                                     ;                ;             ;                ;                ;
;     -- Number of signals with Toggle Rate from Default assignment                      ; 1 (0.0%)       ; 1 (0.9%)    ; 0 (0.0%)       ; 0 (0.0%)       ;
;     -- Number of signals with Static Probability from Default assignment               ; 1 (0.0%)       ; 1 (0.9%)    ; 0 (0.0%)       ; 0 (0.0%)       ;
;                                                                                        ;                ;             ;                ;                ;
; Assumed 0                                                                              ;                ;             ;                ;                ;
;     -- Number of signals with Toggle Rate assumed 0                                    ; 0 (0.0%)       ; 0 (0.0%)    ; 0 (0.0%)       ; 0 (0.0%)       ;
+----------------------------------------------------------------------------------------+----------------+-------------+----------------+----------------+


+---------------------------------------------------------------------------------------------------------------------------------------------+
; Signal Activities                                                                                                                           ;
+--------+------+---------------------------------------------+-------------------------+--------------------+--------------------------------+
; Signal ; Type ; Toggle Rate (millions of transitions / sec) ; Toggle Rate Data Source ; Static Probability ; Static Probability Data Source ;
+--------+------+---------------------------------------------+-------------------------+--------------------+--------------------------------+
(1) The "Signal Activity" Table has been hidden. To show this table, please select the "Write signal activities to report file" option under "PowerPlay Power Analyzer Settings".


+-------------------------+
; Power Analyzer Messages ;
+-------------------------+
Info: *******************************************************************
Info: Running Quartus Prime Power Analyzer
    Info: Version 23.1std.1 Build 993 05/14/2024 SC Lite Edition
    Info: Copyright (C) 2024  Intel Corporation. All rights reserved.
    Info: Your use of Intel Corporation's design tools, logic functions 
    Info: and other software and tools, and any partner logic 
    Info: functions, and any output files from any of the foregoing 
    Info: (including device programming or simulation files), and any 
    Info: associated documentation or information are expressly subject 
    Info: to the terms and conditions of the Intel Program License 
    Info: Subscription Agreement, the Intel Quartus Prime License Agreement,
    Info: the Intel FPGA IP License Agreement, or other applicable license
    Info: agreement, including, without limitation, that your use is for
    Info: the sole purpose of programming logic devices manufactured by
    Info: Intel and sold by Intel or its authorized distributors.  Please
    Info: refer to the applicable agreement for further details, at
    Info: https://fpgasoftware.intel.com/eula.
    Info: Processing started: Thu Jul 16 01:18:11 2026
Info: Command: quartus_pow riscv_aes_advancements -c riscv_aes_advancements
Info (21077): Low junction temperature is 0 degrees C
Info (21077): High junction temperature is 85 degrees C
Info (332104): Reading SDC File: 'riscv_aes_advancements.sdc'
Info (332151): Clock uncertainty is not calculated until you update the timing netlist.
Info (332123): Deriving Clock Uncertainty. Please refer to report_sdc in the Timing Analyzer to see clock uncertainties.
Info (223000): Starting Vectorless Power Activity Estimation
Warning (222013): Relative toggle rates could not be calculated because no clock domain could be identified for some nodes
Info (223001): Completed Vectorless Power Activity Estimation
Info (218000): Using Advanced I/O Power to simulate I/O buffers with the specified board trace model
Info (334003): Started post-fitting delay annotation
Info (334004): Delay annotation completed successfully
Info (215049): Average toggle rate for this design is 7.200 millions of transitions / sec
Info (215031): Total thermal power estimate for the design is 582.88 mW
Info: Quartus Prime Power Analyzer was successful. 0 errors, 1 warning
    Info: Peak virtual memory: 5757 megabytes
    Info: Processing ended: Thu Jul 16 01:21:51 2026
    Info: Elapsed time: 00:03:40
    Info: Total CPU time (on all processors): 00:03:50


