------------------------------------------------------------
Timing Analyzer Summary
------------------------------------------------------------

Type  : Slow 1100mV 85C Model Setup 'clk'
Slack : 2.429
TNS   : 0.000

Type  : Slow 1100mV 85C Model Hold 'clk'
Slack : 0.343
TNS   : 0.000

Type  : Slow 1100mV 85C Model Minimum Pulse Width 'clk'
Slack : 9.190
TNS   : 0.000

Type  : Slow 1100mV 0C Model Setup 'clk'
Slack : 2.710
TNS   : 0.000

Type  : Slow 1100mV 0C Model Hold 'clk'
Slack : 0.339
TNS   : 0.000

Type  : Slow 1100mV 0C Model Minimum Pulse Width 'clk'
Slack : 9.041
TNS   : 0.000

Type  : Fast 1100mV 85C Model Setup 'clk'
Slack : 10.927
TNS   : 0.000

Type  : Fast 1100mV 85C Model Hold 'clk'
Slack : 0.159
TNS   : 0.000

Type  : Fast 1100mV 85C Model Minimum Pulse Width 'clk'
Slack : 9.406
TNS   : 0.000

Type  : Fast 1100mV 0C Model Setup 'clk'
Slack : 11.985
TNS   : 0.000

Type  : Fast 1100mV 0C Model Hold 'clk'
Slack : 0.144
TNS   : 0.000

Type  : Fast 1100mV 0C Model Minimum Pulse Width 'clk'
Slack : 9.409
TNS   : 0.000

------------------------------------------------------------
