Flow report for riscv_aes_advancements
Sat Oct  3 19:51:11 2026
Quartus Prime Version 23.1std.1 Build 993 05/14/2024 SC Lite Edition


---------------------
; Table of Contents ;
---------------------
  1. Legal Notice
  2. Flow Summary
  3. Flow Settings
  4. Flow Non-Default Global Settings
  5. Flow Elapsed Time
  6. Flow OS Summary
  7. Flow Log
  8. Flow Messages
  9. Flow Suppressed Messages



----------------
; Legal Notice ;
----------------
Copyright (C) 2024  Intel Corporation. All rights reserved.
Your use of Intel Corporation's design tools, logic functions 
and other software and tools, and any partner logic 
functions, and any output files from any of the foregoing 
(including device programming or simulation files), and any 
associated documentation or information are expressly subject 
to the terms and conditions of the Intel Program License 
Subscription Agreement, the Intel Quartus Prime License Agreement,
the Intel FPGA IP License Agreement, or other applicable license
agreement, including, without limitation, that your use is for
the sole purpose of programming logic devices manufactured by
Intel and sold by Intel or its authorized distributors.  Please
refer to the applicable agreement for further details, at
https://fpgasoftware.intel.com/eula.



+----------------------------------------------------------------------------------+
; Flow Summary                                                                     ;
+---------------------------------+------------------------------------------------+
; Flow Status                     ; Successful - Sat Oct  3 19:51:11 2026          ;
; Quartus Prime Version           ; 23.1std.1 Build 993 05/14/2024 SC Lite Edition ;
; Revision Name                   ; riscv_aes_advancements                         ;
; Top-level Entity Name           ; riscv_aes_advancements                         ;
; Family                          ; Cyclone V                                      ;
; Device                          ; 5CGXFC7C7F23C8                                 ;
; Timing Models                   ; Final                                          ;
; Logic utilization (in ALMs)     ; 22,261 / 56,480 ( 39 % )                       ;
; Total registers                 ; 22113                                          ;
; Total pins                      ; 107 / 268 ( 40 % )                             ;
; Total virtual pins              ; 0                                              ;
; Total block memory bits         ; 0 / 7,024,640 ( 0 % )                          ;
; Total DSP Blocks                ; 0 / 156 ( 0 % )                                ;
; Total HSSI RX PCSs              ; 0 / 6 ( 0 % )                                  ;
; Total HSSI PMA RX Deserializers ; 0 / 6 ( 0 % )                                  ;
; Total HSSI TX PCSs              ; 0 / 6 ( 0 % )                                  ;
; Total HSSI PMA TX Serializers   ; 0 / 6 ( 0 % )                                  ;
; Total PLLs                      ; 0 / 13 ( 0 % )                                 ;
; Total DLLs                      ; 0 / 4 ( 0 % )                                  ;
+---------------------------------+------------------------------------------------+


+--------------------------------------------+
; Flow Settings                              ;
+-------------------+------------------------+
; Option            ; Setting                ;
+-------------------+------------------------+
; Start date & time ; 10/03/2026 19:22:00    ;
; Main task         ; Compilation            ;
; Revision Name     ; riscv_aes_advancements ;
+-------------------+------------------------+


+--------------------------------------------------------------------------------------------------------------------------------------+
; Flow Non-Default Global Settings                                                                                                     ;
+-------------------------------------+-----------------------------------------------+---------------+---------------+----------------+
; Assignment Name                     ; Value                                         ; Default Value ; Entity Name   ; Section Id     ;
+-------------------------------------+-----------------------------------------------+---------------+---------------+----------------+
; COMPILER_SIGNATURE_ID               ; 27332941901247.179103551918244                ; --            ; --            ; --             ;
; EDA_DESIGN_INSTANCE_NAME            ; NA                                            ; --            ; --            ; riscv_core_tb  ;
; EDA_OUTPUT_DATA_FORMAT              ; None                                          ; --            ; --            ; eda_simulation ;
; EDA_TEST_BENCH_FILE                 ; ../../Testbench/riscv_core_tb.sv              ; --            ; --            ; riscv_core_tb  ;
; EDA_TEST_BENCH_MODULE_NAME          ; riscv_core_tb                                 ; --            ; --            ; riscv_core_tb  ;
; MAX_CORE_JUNCTION_TEMP              ; 85                                            ; --            ; --            ; --             ;
; MIN_CORE_JUNCTION_TEMP              ; 0                                             ; --            ; --            ; --             ;
; MISC_FILE                           ; ../../IP/sensor_spi_ip/sensor_spi_ip.cmp      ; --            ; --            ; --             ;
; NUM_PARALLEL_PROCESSORS             ; 2                                             ; --            ; --            ; --             ;
; PARTITION_COLOR                     ; -- (Not supported for targeted family)        ; --            ; --            ; Top            ;
; PARTITION_FITTER_PRESERVATION_LEVEL ; -- (Not supported for targeted family)        ; --            ; --            ; Top            ;
; PARTITION_NETLIST_TYPE              ; -- (Not supported for targeted family)        ; --            ; --            ; Top            ;
; POWER_BOARD_THERMAL_MODEL           ; None (CONSERVATIVE)                           ; --            ; --            ; --             ;
; POWER_PRESET_COOLING_SOLUTION       ; 23 MM HEAT SINK WITH 200 LFPM AIRFLOW         ; --            ; --            ; --             ;
; PROJECT_OUTPUT_DIRECTORY            ; ../../Build/Quartus                           ; --            ; --            ; --             ;
; SLD_INFO                            ; QSYS_NAME sensor_spi_ip HAS_SOPCINFO 1        ; --            ; sensor_spi_ip ; --             ;
; SOPCINFO_FILE                       ; ../../IP/sensor_spi_ip/sensor_spi_ip.sopcinfo ; --            ; --            ; --             ;
; SYNTHESIS_ONLY_QIP                  ; On                                            ; --            ; --            ; --             ;
+-------------------------------------+-----------------------------------------------+---------------+---------------+----------------+


+--------------------------------------------------------------------------------------------------------------------------+
; Flow Elapsed Time                                                                                                        ;
+----------------------+--------------+-------------------------+---------------------+------------------------------------+
; Module Name          ; Elapsed Time ; Average Processors Used ; Peak Virtual Memory ; Total CPU Time (on all processors) ;
+----------------------+--------------+-------------------------+---------------------+------------------------------------+
; Analysis & Synthesis ; 00:03:16     ; 1.3                     ; 5123 MB             ; 00:00:49                           ;
; Fitter               ; 00:20:38     ; 1.1                     ; 6718 MB             ; 00:23:00                           ;
; Assembler            ; 00:00:41     ; 1.0                     ; 5171 MB             ; 00:00:30                           ;
; Timing Analyzer      ; 00:02:31     ; 1.8                     ; 5936 MB             ; 00:03:24                           ;
; Power Analyzer       ; 00:01:42     ; 1.4                     ; 5763 MB             ; 00:01:45                           ;
; Total                ; 00:28:48     ; --                      ; --                  ; 00:29:28                           ;
+----------------------+--------------+-------------------------+---------------------+------------------------------------+


+------------------------------------------------------------------------------------+
; Flow OS Summary                                                                    ;
+----------------------+------------------+------------+------------+----------------+
; Module Name          ; Machine Hostname ; OS Name    ; OS Version ; Processor type ;
+----------------------+------------------+------------+------------+----------------+
; Analysis & Synthesis ; VARADA           ; Windows 10 ; 10.0       ; x86_64         ;
; Fitter               ; VARADA           ; Windows 10 ; 10.0       ; x86_64         ;
; Assembler            ; VARADA           ; Windows 10 ; 10.0       ; x86_64         ;
; Timing Analyzer      ; VARADA           ; Windows 10 ; 10.0       ; x86_64         ;
; Power Analyzer       ; VARADA           ; Windows 10 ; 10.0       ; x86_64         ;
+----------------------+------------------+------------+------------+----------------+


------------
; Flow Log ;
------------
quartus_map riscv_aes_advancements
quartus_fit riscv_aes_advancements
quartus_asm riscv_aes_advancements
quartus_sta riscv_aes_advancements
quartus_pow riscv_aes_advancements



