Info: *******************************************************************
Info: Running Quartus Prime Fitter
    Info: Version 23.1std.1 Build 993 05/14/2024 SC Lite Edition
    Info: Copyright (C) 2024  Intel Corporation. All rights reserved.
    Info: Your use of Intel Corporation's design tools, logic functions 
    Info: and other software and tools, and any partner logic 
    Info: functions, and any output files from any of the foregoing 
    Info: (including device programming or simulation files), and any 
    Info: associated documentation or information are expressly subject 
    Info: to the terms and conditions of the Intel Program License 
    Info: Subscription Agreement, the Intel Quartus Prime License Agreement,
    Info: the Intel FPGA IP License Agreement, or other applicable license
    Info: agreement, including, without limitation, that your use is for
    Info: the sole purpose of programming logic devices manufactured by
    Info: Intel and sold by Intel or its authorized distributors.  Please
    Info: refer to the applicable agreement for further details, at
    Info: https://fpgasoftware.intel.com/eula.
    Info: Processing started: Sat Oct  3 19:25:23 2026
Info: Command: quartus_fit riscv_aes_advancements
Info: qfit2_default_script.tcl version: #1
Info: Project  = riscv_aes_advancements
Info: Revision = riscv_aes_advancements
Info (20032): Parallel compilation is enabled and will use up to 2 processors
Info (119006): Selected device 5CGXFC7C7F23C8 for design "riscv_aes_advancements"
Info (21077): Low junction temperature is 0 degrees C
Info (21077): High junction temperature is 85 degrees C
Info (171003): Fitter is performing an Auto Fit compilation, which may decrease Fitter effort to reduce compilation time
Warning (292013): Feature LogicLock is only available with a valid subscription license. You can purchase a software subscription to gain full access to this feature.
Warning (15714): Some pins have incomplete I/O assignments. Refer to the I/O Assignment Warnings report for details
Critical Warning (169085): No exact pin location assignment(s) for 107 pins of 107 total pins. For the list of pins please refer to the I/O Assignment Warnings table in the fitter report.
Info (184020): Starting Fitter periphery placement operations
Info (11178): Promoted 1 clock (1 global)
    Info (11162): clk~inputCLKENA0 with 20996 fanout uses global clock CLKCTRL_G10
Info (11191): Automatically promoted 1 clock (1 global)
    Info (11162): rst_n~inputCLKENA0 with 12324 fanout uses global clock CLKCTRL_G11
Info (184021): Fitter periphery placement operations ending: elapsed time is 00:00:02
Info (176233): Starting register packing
Info (332104): Reading SDC File: 'riscv_aes_advancements.sdc'
Info (332151): Clock uncertainty is not calculated until you update the timing netlist.
Info (332123): Deriving Clock Uncertainty. Please refer to report_sdc in the Timing Analyzer to see clock uncertainties.
Info (332129): Detected timing requirements -- optimizing circuit to achieve only the specified requirements
Info (332111): Found 1 clocks
    Info (332111):   Period   Clock Name
    Info (332111): ======== ============
    Info (332111):   20.000          clk
Info (176235): Finished register packing
    Extra Info (176219): No registers were packed into other blocks
Info (11798): Fitter preparation operations ending: elapsed time is 00:00:27
Info (170189): Fitter placement preparation operations beginning
Info (14951): The Fitter is using Advanced Physical Optimization.
Info (170190): Fitter placement preparation operations ending: elapsed time is 00:04:50
Info (170191): Fitter placement operations beginning
Info (170137): Fitter placement was successful
Info (170192): Fitter placement operations ending: elapsed time is 00:05:20
Info (170193): Fitter routing operations beginning
Info (170195): Router estimated average interconnect usage is 21% of the available device resources
    Info (170196): Router estimated peak interconnect usage is 53% of the available device resources in the region that extends from location X22_Y35 to location X32_Y45
Info (170199): The Fitter performed an Auto Fit compilation.  Optimizations were skipped to reduce compilation time.
    Info (170201): Optimizations that may affect the design's routability were skipped
    Info (170200): Optimizations that may affect the design's timing were skipped
Info (170194): Fitter routing operations ending: elapsed time is 00:02:50
Info (11888): Total time spent on timing analysis during the Fitter is 101.76 seconds.
Info (334003): Started post-fitting delay annotation
Info (334004): Delay annotation completed successfully
Info (334003): Started post-fitting delay annotation
Info (334004): Delay annotation completed successfully
Info (11801): Fitter post-fit operations ending: elapsed time is 00:02:44
Info (144001): Generated suppressed messages file D:/mtech/sem 4/midesm presetation/riscv_aes_advancements/risc_aes_custom_ISA/journal_report_can_ids/github_full_validation_20261003/Build/Quartus/riscv_aes_advancements.fit.smsg
Info: Quartus Prime Fitter was successful. 0 errors, 3 warnings
    Info: Peak virtual memory: 6718 megabytes
    Info: Processing ended: Sat Oct  3 19:46:12 2026
    Info: Elapsed time: 00:20:49
    Info: Total CPU time (on all processors): 00:23:09
